Archive member included to satisfy reference by file (symbol)

c:/nxp/mcuxpressoide_10.0.2_411/ide/tools/bin/../lib/gcc/arm-none-eabi/5.4.1/../../../../arm-none-eabi/lib/armv6-m\libcr_nohost_nf.a(_cr__main.o)
                              ./startup/startup_mkw41z4.o (__main)
c:/nxp/mcuxpressoide_10.0.2_411/ide/tools/bin/../lib/gcc/arm-none-eabi/5.4.1/../../../../arm-none-eabi/lib/armv6-m\libcr_c.a(memcpy.o)
                              ./drivers/fsl_flash.o (memcpy)
c:/nxp/mcuxpressoide_10.0.2_411/ide/tools/bin/../lib/gcc/arm-none-eabi/5.4.1/../../../../arm-none-eabi/lib/armv6-m\libcr_c.a(memset.o)
                              ./frdmkw41z/clock_config.o (memset)
c:/nxp/mcuxpressoide_10.0.2_411/ide/tools/bin/../lib/gcc/arm-none-eabi/5.4.1/../../../../arm-none-eabi/lib/armv6-m\libcr_c.a(initio.o)
                              c:/nxp/mcuxpressoide_10.0.2_411/ide/tools/bin/../lib/gcc/arm-none-eabi/5.4.1/../../../../arm-none-eabi/lib/armv6-m\libcr_nohost_nf.a(_cr__main.o) (_initio)
c:/nxp/mcuxpressoide_10.0.2_411/ide/tools/bin/../lib/gcc/arm-none-eabi/5.4.1/../../../../arm-none-eabi/lib/armv6-m\libcr_c.a(setvbuf.o)
                              c:/nxp/mcuxpressoide_10.0.2_411/ide/tools/bin/../lib/gcc/arm-none-eabi/5.4.1/../../../../arm-none-eabi/lib/armv6-m\libcr_c.a(initio.o) (setvbuf)
c:/nxp/mcuxpressoide_10.0.2_411/ide/tools/bin/../lib/gcc/arm-none-eabi/5.4.1/../../../../arm-none-eabi/lib/armv6-m\libcr_c.a(strlen.o)
                              ./utilities/fsl_debug_console.o (strlen)
c:/nxp/mcuxpressoide_10.0.2_411/ide/tools/bin/../lib/gcc/arm-none-eabi/5.4.1/../../../../arm-none-eabi/lib/armv6-m\libcr_c.a(_fdopen.o)
                              c:/nxp/mcuxpressoide_10.0.2_411/ide/tools/bin/../lib/gcc/arm-none-eabi/5.4.1/../../../../arm-none-eabi/lib/armv6-m\libcr_c.a(initio.o) (_fdopen)
c:/nxp/mcuxpressoide_10.0.2_411/ide/tools/bin/../lib/gcc/arm-none-eabi/5.4.1/../../../../arm-none-eabi/lib/armv6-m\libcr_c.a(fclose.o)
                              c:/nxp/mcuxpressoide_10.0.2_411/ide/tools/bin/../lib/gcc/arm-none-eabi/5.4.1/../../../../arm-none-eabi/lib/armv6-m\libcr_c.a(initio.o) (fclose)
c:/nxp/mcuxpressoide_10.0.2_411/ide/tools/bin/../lib/gcc/arm-none-eabi/5.4.1/../../../../arm-none-eabi/lib/armv6-m\libcr_c.a(fflush.o)
                              c:/nxp/mcuxpressoide_10.0.2_411/ide/tools/bin/../lib/gcc/arm-none-eabi/5.4.1/../../../../arm-none-eabi/lib/armv6-m\libcr_c.a(fclose.o) (fflush)
c:/nxp/mcuxpressoide_10.0.2_411/ide/tools/bin/../lib/gcc/arm-none-eabi/5.4.1/../../../../arm-none-eabi/lib/armv6-m\libcr_c.a(fseek.o)
                              c:/nxp/mcuxpressoide_10.0.2_411/ide/tools/bin/../lib/gcc/arm-none-eabi/5.4.1/../../../../arm-none-eabi/lib/armv6-m\libcr_c.a(_fdopen.o) (fseek)
c:/nxp/mcuxpressoide_10.0.2_411/ide/tools/bin/../lib/gcc/arm-none-eabi/5.4.1/../../../../arm-none-eabi/lib/armv6-m\libcr_c.a(ftell.o)
                              c:/nxp/mcuxpressoide_10.0.2_411/ide/tools/bin/../lib/gcc/arm-none-eabi/5.4.1/../../../../arm-none-eabi/lib/armv6-m\libcr_c.a(fseek.o) (ftell)
c:/nxp/mcuxpressoide_10.0.2_411/ide/tools/bin/../lib/gcc/arm-none-eabi/5.4.1/../../../../arm-none-eabi/lib/armv6-m\libcr_c.a(remove.o)
                              c:/nxp/mcuxpressoide_10.0.2_411/ide/tools/bin/../lib/gcc/arm-none-eabi/5.4.1/../../../../arm-none-eabi/lib/armv6-m\libcr_c.a(fclose.o) (remove)
c:/nxp/mcuxpressoide_10.0.2_411/ide/tools/bin/../lib/gcc/arm-none-eabi/5.4.1/../../../../arm-none-eabi/lib/armv6-m\libcr_c.a(_do_fflush.o)
                              c:/nxp/mcuxpressoide_10.0.2_411/ide/tools/bin/../lib/gcc/arm-none-eabi/5.4.1/../../../../arm-none-eabi/lib/armv6-m\libcr_c.a(fflush.o) (_do_fflush)
c:/nxp/mcuxpressoide_10.0.2_411/ide/tools/bin/../lib/gcc/arm-none-eabi/5.4.1/../../../../arm-none-eabi/lib/armv6-m\libcr_c.a(_fflush.o)
                              c:/nxp/mcuxpressoide_10.0.2_411/ide/tools/bin/../lib/gcc/arm-none-eabi/5.4.1/../../../../arm-none-eabi/lib/armv6-m\libcr_c.a(_do_fflush.o) (_fflush)
c:/nxp/mcuxpressoide_10.0.2_411/ide/tools/bin/../lib/gcc/arm-none-eabi/5.4.1/../../../../arm-none-eabi/lib/armv6-m\libcr_c.a(_writebuf.o)
                              c:/nxp/mcuxpressoide_10.0.2_411/ide/tools/bin/../lib/gcc/arm-none-eabi/5.4.1/../../../../arm-none-eabi/lib/armv6-m\libcr_c.a(_fflush.o) (_Cwritebuf)
c:/nxp/mcuxpressoide_10.0.2_411/ide/tools/bin/../lib/gcc/arm-none-eabi/5.4.1/../../../../arm-none-eabi/lib/armv6-m\libcr_c.a(alloc.o)
                              c:/nxp/mcuxpressoide_10.0.2_411/ide/tools/bin/../lib/gcc/arm-none-eabi/5.4.1/../../../../arm-none-eabi/lib/armv6-m\libcr_c.a(fclose.o) (free)
c:/nxp/mcuxpressoide_10.0.2_411/ide/tools/bin/../lib/gcc/arm-none-eabi/5.4.1/../../../../arm-none-eabi/lib/armv6-m\libcr_c.a(errno.o)
                              c:/nxp/mcuxpressoide_10.0.2_411/ide/tools/bin/../lib/gcc/arm-none-eabi/5.4.1/../../../../arm-none-eabi/lib/armv6-m\libcr_c.a(ftell.o) (errno)
[...]
Memory Configuration

Name             Origin             Length             Attributes
PROGRAM_FLASH    0x00000000         0x00080000         xr
SRAM             0x1fff8000         0x00020000         xrw
*default*        0x00000000         0xffffffff

Linker script and memory map

LOAD ./utilities/fsl_debug_console.o
LOAD ./startup/startup_mkw41z4.o
LOAD ./source/SLIP.o
LOAD ./source/mtb.o
LOAD ./frdmkw41z/board.o
LOAD ./frdmkw41z/clock_config.o
LOAD ./frdmkw41z/pin_mux.o
LOAD ./drivers/fsl_clock.o
LOAD ./drivers/fsl_common.o
LOAD ./drivers/fsl_flash.o
LOAD ./drivers/fsl_gpio.o
LOAD ./drivers/fsl_lptmr.o
LOAD ./drivers/fsl_lpuart.o
LOAD ./drivers/fsl_smc.o
LOAD ./CMSIS/system_MKW41Z4.o
START GROUP
LOAD c:/nxp/mcuxpressoide_10.0.2_411/ide/tools/bin/../lib/gcc/arm-none-eabi/5.4.1/../../../../arm-none-eabi/lib/armv6-m\libcr_nohost_nf.a
LOAD c:/nxp/mcuxpressoide_10.0.2_411/ide/tools/bin/../lib/gcc/arm-none-eabi/5.4.1/../../../../arm-none-eabi/lib/armv6-m\libcr_c.a
LOAD c:/nxp/mcuxpressoide_10.0.2_411/ide/tools/bin/../lib/gcc/arm-none-eabi/5.4.1/armv6-m\libcr_eabihelpers.a
END GROUP
                0x00000000                __base_PROGRAM_FLASH = 0x0
                0x00000000                __base_Flash = 0x0
                0x00080000                __top_PROGRAM_FLASH = 0x80000
                0x00080000                __top_Flash = 0x80000
                0x1fff8000                __base_SRAM = 0x1fff8000
                0x1fff8000                __base_RAM = 0x1fff8000
                0x20018000                __top_SRAM = 0x20018000
                0x20018000                __top_RAM = 0x20018000

.text           0x00000000     0x2774
 FILL mask 0xff
                0x00000000                __vectors_start__ = ABSOLUTE (.)
 *(.isr_vector)
 .isr_vector    0x00000000       0xc0 ./startup/startup_mkw41z4.o
                0x00000000                g_pfnVectors
                0x00000000                __Vectors
                0x000000c0                . = ALIGN (0x4)
                0x000000c0                __section_table_start = .
                0x000000c0                __data_section_table = .
                0x000000c0        0x4 LONG 0x2774 LOADADDR (.data)
                0x000000c4        0x4 LONG 0x1fff8080 ADDR (.data)
                0x000000c8        0x4 LONG 0xc SIZEOF (.data)
                0x000000cc                __data_section_table_end = .
                0x000000cc                __bss_section_table = .
                0x000000cc        0x4 LONG 0x1fff808c ADDR (.bss)
                0x000000d0        0x4 LONG 0xdc SIZEOF (.bss)
                0x000000d4                __bss_section_table_end = .
                0x000000d4                __section_table_end = .
 *(.after_vectors*)
 .after_vectors.init_data
                0x000000d4       0x18 ./startup/startup_mkw41z4.o
                0x000000d4                data_init
 .after_vectors.init_bss
                0x000000ec       0x14 ./startup/startup_mkw41z4.o
                0x000000ec                bss_init
 .after_vectors.reset
                0x00000100       0x4c ./startup/startup_mkw41z4.o
                0x00000100                ResetISR
 .after_vectors
                0x0000014c      0x118 ./startup/startup_mkw41z4.o
                0x0000014c                NMI_Handler
                0x00000150                HardFault_Handler
                0x00000154                SVC_Handler
                0x00000158                PendSV_Handler
                0x0000015c                SysTick_Handler
                0x00000160                LPTMR0_DriverIRQHandler
                0x00000160                PIT_DriverIRQHandler
                0x00000160                PORTB_PORTC_DriverIRQHandler
                0x00000160                I2C0_DriverIRQHandler
                0x00000160                SPI1_DriverIRQHandler
                0x00000160                DMA0_DriverIRQHandler
                0x00000160                DMA2_DriverIRQHandler
                0x00000160                TRNG0_DriverIRQHandler
                0x00000160                CMP0_DriverIRQHandler
                0x00000160                TPM2_DriverIRQHandler
                0x00000160                Radio_0_DriverIRQHandler
                0x00000160                ADC0_DriverIRQHandler
                0x00000160                SPI0_DriverIRQHandler
                0x00000160                TSI0_DriverIRQHandler
                0x00000160                RTC_Seconds_DriverIRQHandler
                0x00000160                LTC0_DriverIRQHandler
                0x00000160                LLWU_DriverIRQHandler
                0x00000160                MCG_DriverIRQHandler
                0x00000160                I2C1_DriverIRQHandler
                0x00000160                Radio_1_DriverIRQHandler
                0x00000160                DMA1_DriverIRQHandler
                0x00000160                FTFA_DriverIRQHandler
                0x00000160                IntDefaultHandler
                0x00000160                Reserved20_DriverIRQHandler
                0x00000160                DAC0_DriverIRQHandler
                0x00000160                TPM0_DriverIRQHandler
                0x00000160                RTC_DriverIRQHandler
                0x00000160                LVD_LVW_DCDC_DriverIRQHandler
                0x00000160                TPM1_DriverIRQHandler
                0x00000160                PORTA_DriverIRQHandler
                0x00000160                DMA3_DriverIRQHandler
                0x00000160                CMT_DriverIRQHandler
                0x00000164                DMA0_IRQHandler
                0x0000016c                DMA1_IRQHandler
                0x00000174                DMA2_IRQHandler
                0x0000017c                DMA3_IRQHandler
                0x00000184                Reserved20_IRQHandler
                0x0000018c                FTFA_IRQHandler
                0x00000194                LVD_LVW_DCDC_IRQHandler
                0x0000019c                LLWU_IRQHandler
                0x000001a4                I2C0_IRQHandler
                0x000001ac                I2C1_IRQHandler
                0x000001b4                SPI0_IRQHandler
                0x000001bc                TSI0_IRQHandler
                0x000001cc                TRNG0_IRQHandler
                0x000001d4                CMT_IRQHandler
                0x000001dc                ADC0_IRQHandler
                0x000001e4                CMP0_IRQHandler
                0x000001ec                TPM0_IRQHandler
                0x000001f4                TPM1_IRQHandler
                0x000001fc                TPM2_IRQHandler
                0x00000204                RTC_IRQHandler
                0x0000020c                RTC_Seconds_IRQHandler
                0x00000214                PIT_IRQHandler
                0x0000021c                LTC0_IRQHandler
                0x00000224                Radio_0_IRQHandler
                0x0000022c                DAC0_IRQHandler
                0x00000234                Radio_1_IRQHandler
                0x0000023c                MCG_IRQHandler
                0x00000244                LPTMR0_IRQHandler
                0x0000024c                SPI1_IRQHandler
                0x00000254                PORTA_IRQHandler
                0x0000025c                PORTB_PORTC_IRQHandler
                0x00000400                . = 0x400
 *fill*         0x00000264      0x19c ff
                0x00000400                PROVIDE (__FLASH_CONFIG_START__, .)
 *(.FlashConfig)
 .FlashConfig   0x00000400       0x10 ./startup/startup_mkw41z4.o
                0x00000400                Flash_Config
                0x00000410                PROVIDE (__FLASH_CONFIG_END__, .)
                0x00000001                ASSERT (! ((__FLASH_CONFIG_START__ == __FLASH_CONFIG_END__)), Linker Flash Config Support Enabled, but no .FlashConfig section provided within application)
 *(.text*)
 .text.DbgConsole_Printf
                0x00000410       0x44 ./utilities/fsl_debug_console.o
                0x00000410                DbgConsole_Printf
 .text.DbgConsole_Putchar
                0x00000454       0x34 ./utilities/fsl_debug_console.o
                0x00000454                DbgConsole_Putchar
 .text.DbgConsole_PrintfPaddingCharacter
                0x00000488       0x48 ./utilities/fsl_debug_console.o
 .text.DbgConsole_ConvertRadixNumToString
                0x000004d0      0x114 ./utilities/fsl_debug_console.o
 .text.DbgConsole_PrintfFormattedData
                0x000005e4      0x334 ./utilities/fsl_debug_console.o
 .text.NVIC_EnableIRQ
                0x00000918       0x2c ./source/SLIP.o
 .text.CLOCK_SetLpuartClock
                0x00000944       0x38 ./source/SLIP.o
 .text.EnableIRQ
                0x0000097c       0x2c ./source/SLIP.o
 .text.GPIO_TogglePinsOutput
                0x000009a8       0x18 ./source/SLIP.o
 .text.LPUART_ReadByte
                0x000009c0       0x18 ./source/SLIP.o
 .text.LPUART0_IRQHandler
                0x000009d8       0x34 ./source/SLIP.o
                0x000009d8                LPUART0_IRQHandler
 .text.main     0x00000a0c       0xf4 ./source/SLIP.o
                0x00000a0c                main
 .text.CLOCK_SetSimSafeDivs
                0x00000b00       0x1c ./frdmkw41z/clock_config.o
 .text.CLOCK_SetXtal0Freq
                0x00000b1c       0x1c ./frdmkw41z/clock_config.o
 .text.BOARD_InitBootClocks
                0x00000b38       0x10 ./frdmkw41z/clock_config.o
                0x00000b38                BOARD_InitBootClocks
 .text.CLOCK_SYS_FllStableDelay
                0x00000b48       0x24 ./frdmkw41z/clock_config.o
 .text.BOARD_BootClockRUN
                0x00000b6c       0x64 ./frdmkw41z/clock_config.o
                0x00000b6c                BOARD_BootClockRUN
 .text.BOARD_RfOscInit
                0x00000bd0       0xd4 ./frdmkw41z/clock_config.o
                0x00000bd0                BOARD_RfOscInit
 .text.BOARD_InitOsc0
                0x00000ca4       0x30 ./frdmkw41z/clock_config.o
                0x00000ca4                BOARD_InitOsc0
 .text.CLOCK_EnableClock
                0x00000cd4       0x38 ./frdmkw41z/pin_mux.o
 .text.PORT_SetPinMux
                0x00000d0c       0x40 ./frdmkw41z/pin_mux.o
 .text.BOARD_InitBootPins
                0x00000d4c       0x10 ./frdmkw41z/pin_mux.o
                0x00000d4c                BOARD_InitBootPins
 .text.BOARD_InitPins
                0x00000d5c       0x9c ./frdmkw41z/pin_mux.o
                0x00000d5c                BOARD_InitPins
 .text.CLOCK_SetEr32kClock
                0x00000df8       0x30 ./drivers/fsl_clock.o
 .text.CLOCK_GetMcgExtClkFreq
                0x00000e28       0x70 ./drivers/fsl_clock.o
 .text.CLOCK_GetFllExtRefClkFreq
                0x00000e98       0xb8 ./drivers/fsl_clock.o
 .text.CLOCK_GetInternalRefClkSelectFreq
                0x00000f50       0x40 ./drivers/fsl_clock.o
 .text.CLOCK_GetFllRefClkFreq
                0x00000f90       0x30 ./drivers/fsl_clock.o
 .text.CLOCK_GetOscRangeFromFreq
                0x00000fc0       0x4c ./drivers/fsl_clock.o
 .text.CLOCK_GetEr32kClkFreq
                0x0000100c       0x5c ./drivers/fsl_clock.o
                0x0000100c                CLOCK_GetEr32kClkFreq
 .text.CLOCK_GetFreq
                0x00001068       0xd8 ./drivers/fsl_clock.o
                0x00001068                CLOCK_GetFreq
 .text.CLOCK_SetSimConfig
                0x00001140       0x2c ./drivers/fsl_clock.o
                0x00001140                CLOCK_SetSimConfig
 .text.CLOCK_GetOutClkFreq
                0x0000116c       0x58 ./drivers/fsl_clock.o
                0x0000116c                CLOCK_GetOutClkFreq
 .text.CLOCK_GetFllFreq
                0x000011c4       0x78 ./drivers/fsl_clock.o
                0x000011c4                CLOCK_GetFllFreq
 .text.CLOCK_GetInternalRefClkFreq
                0x0000123c       0x28 ./drivers/fsl_clock.o
                0x0000123c                CLOCK_GetInternalRefClkFreq
 .text.CLOCK_SetExternalRefClkConfig
                0x00001264       0x80 ./drivers/fsl_clock.o
                0x00001264                CLOCK_SetExternalRefClkConfig
 .text.CLOCK_SetInternalRefClkConfig
                0x000012e4      0x12c ./drivers/fsl_clock.o
                0x000012e4                CLOCK_SetInternalRefClkConfig
 .text.CLOCK_InitOsc0
                0x00001410       0x6c ./drivers/fsl_clock.o
                0x00001410                CLOCK_InitOsc0
 .text.CLOCK_SetFeeMode
                0x0000147c      0x144 ./drivers/fsl_clock.o
                0x0000147c                CLOCK_SetFeeMode
 .text.CLOCK_BootToFeeMode
                0x000015c0       0x50 ./drivers/fsl_clock.o
                0x000015c0                CLOCK_BootToFeeMode
 .text.__assertion_failed
                0x00001610       0x1c ./drivers/fsl_common.o
                0x00001610                __assertion_failed
 .text.GPIO_WritePinOutput
                0x0000162c       0x34 ./drivers/fsl_gpio.o
 .text.GPIO_PinInit
                0x00001660       0x64 ./drivers/fsl_gpio.o
                0x00001660                GPIO_PinInit
 .text.CLOCK_EnableClock
                0x000016c4       0x38 ./drivers/fsl_lpuart.o
 .text.LPUART_GetInstance
                0x000016fc       0x48 ./drivers/fsl_lpuart.o
                0x000016fc                LPUART_GetInstance
 .text.LPUART_Init
                0x00001744      0x28c ./drivers/fsl_lpuart.o
                0x00001744                LPUART_Init
 .text.LPUART_GetDefaultConfig
                0x000019d0       0x50 ./drivers/fsl_lpuart.o
                0x000019d0                LPUART_GetDefaultConfig
 .text.LPUART_EnableInterrupts
                0x00001a20       0x3c ./drivers/fsl_lpuart.o
                0x00001a20                LPUART_EnableInterrupts
 .text.LPUART_GetStatusFlags
                0x00001a5c       0x18 ./drivers/fsl_lpuart.o
                0x00001a5c                LPUART_GetStatusFlags
 .text.LPUART0_DriverIRQHandler
                0x00001a74       0x24 ./drivers/fsl_lpuart.o
                0x00001a74                LPUART0_DriverIRQHandler
 .text.SystemInit
                0x00001a98       0x18 ./CMSIS/system_MKW41Z4.o
                0x00001a98                SystemInit
 .text.__main   0x00001ab0        0xc c:/nxp/mcuxpressoide_10.0.2_411/ide/tools/bin/../lib/gcc/arm-none-eabi/5.4.1/../../../../arm-none-eabi/lib/armv6-m\libcr_nohost_nf.a(_cr__main.o)
                0x00001ab0                __main
 .text.memset   0x00001abc        0x8 c:/nxp/mcuxpressoide_10.0.2_411/ide/tools/bin/../lib/gcc/arm-none-eabi/5.4.1/../../../../arm-none-eabi/lib/armv6-m\libcr_c.a(memset.o)
                0x00001abc                memset
 .text._initio  0x00001ac4       0x7c c:/nxp/mcuxpressoide_10.0.2_411/ide/tools/bin/../lib/gcc/arm-none-eabi/5.4.1/../../../../arm-none-eabi/lib/armv6-m\libcr_c.a(initio.o)
                0x00001ac4                _initio
 .text.setvbuf  0x00001b40       0x4c c:/nxp/mcuxpressoide_10.0.2_411/ide/tools/bin/../lib/gcc/arm-none-eabi/5.4.1/../../../../arm-none-eabi/lib/armv6-m\libcr_c.a(setvbuf.o)
                0x00001b40                setvbuf
 .text.strlen   0x00001b8c       0x54 c:/nxp/mcuxpressoide_10.0.2_411/ide/tools/bin/../lib/gcc/arm-none-eabi/5.4.1/../../../../arm-none-eabi/lib/armv6-m\libcr_c.a(strlen.o)
                0x00001b8c                strlen
 .text._fdopen  0x00001be0       0x74 c:/nxp/mcuxpressoide_10.0.2_411/ide/tools/bin/../lib/gcc/arm-none-eabi/5.4.1/../../../../arm-none-eabi/lib/armv6-m\libcr_c.a(_fdopen.o)
                0x00001be0                _fdopen
 .text.fclose   0x00001c54       0x5c c:/nxp/mcuxpressoide_10.0.2_411/ide/tools/bin/../lib/gcc/arm-none-eabi/5.4.1/../../../../arm-none-eabi/lib/armv6-m\libcr_c.a(fclose.o)
                0x00001c54                fclose
 .text.fflush   0x00001cb0       0x44 c:/nxp/mcuxpressoide_10.0.2_411/ide/tools/bin/../lib/gcc/arm-none-eabi/5.4.1/../../../../arm-none-eabi/lib/armv6-m\libcr_c.a(fflush.o)
                0x00001cb0                fflush
 .text.fseek    0x00001cf4       0xf0 c:/nxp/mcuxpressoide_10.0.2_411/ide/tools/bin/../lib/gcc/arm-none-eabi/5.4.1/../../../../arm-none-eabi/lib/armv6-m\libcr_c.a(fseek.o)
                0x00001cf4                fseek
 .text.ftell    0x00001de4       0x48 c:/nxp/mcuxpressoide_10.0.2_411/ide/tools/bin/../lib/gcc/arm-none-eabi/5.4.1/../../../../arm-none-eabi/lib/armv6-m\libcr_c.a(ftell.o)
                0x00001de4                ftell
 .text.remove   0x00001e2c       0x12 c:/nxp/mcuxpressoide_10.0.2_411/ide/tools/bin/../lib/gcc/arm-none-eabi/5.4.1/../../../../arm-none-eabi/lib/armv6-m\libcr_c.a(remove.o)
                0x00001e2c                remove
 *fill*         0x00001e3e        0x2 ff
 .text._do_fflush
                0x00001e40       0x48 c:/nxp/mcuxpressoide_10.0.2_411/ide/tools/bin/../lib/gcc/arm-none-eabi/5.4.1/../../../../arm-none-eabi/lib/armv6-m\libcr_c.a(_do_fflush.o)
                0x00001e40                _do_fflush
 .text._fflush  0x00001e88       0x60 c:/nxp/mcuxpressoide_10.0.2_411/ide/tools/bin/../lib/gcc/arm-none-eabi/5.4.1/../../../../arm-none-eabi/lib/armv6-m\libcr_c.a(_fflush.o)
                0x00001e88                _fflush
 .text._Cwritebuf
                0x00001ee8       0x6c c:/nxp/mcuxpressoide_10.0.2_411/ide/tools/bin/../lib/gcc/arm-none-eabi/5.4.1/../../../../arm-none-eabi/lib/armv6-m\libcr_c.a(_writebuf.o)
                0x00001ee8                _Cwritebuf
 .text.free     0x00001f54       0x2e c:/nxp/mcuxpressoide_10.0.2_411/ide/tools/bin/../lib/gcc/arm-none-eabi/5.4.1/../../../../arm-none-eabi/lib/armv6-m\libcr_c.a(alloc.o)
                0x00001f54                free
 *fill*         0x00001f82        0x2 ff
 .text._deferredlazyseek
                0x00001f84       0x40 c:/nxp/mcuxpressoide_10.0.2_411/ide/tools/bin/../lib/gcc/arm-none-eabi/5.4.1/../../../../arm-none-eabi/lib/armv6-m\libcr_c.a(_deferredlazyseek.o)
                0x00001f84                _deferredlazyseek
 .text.__aeabi_division_idivmod
                0x00001fc4       0x78 c:/nxp/mcuxpressoide_10.0.2_411/ide/tools/bin/../lib/gcc/arm-none-eabi/5.4.1/armv6-m\libcr_eabihelpers.a(division_32.o)
                0x00001fc4                __aeabi_idivmod
                0x00001fc4                __aeabi_idiv
                0x00001fca                __aeabi_uidivmod
                0x00001fca                __aeabi_uidiv
 .text.__aeabi_division_idiv0
                0x0000203c        0x2 c:/nxp/mcuxpressoide_10.0.2_411/ide/tools/bin/../lib/gcc/arm-none-eabi/5.4.1/armv6-m\libcr_eabihelpers.a(division_idiv0.o)
                0x0000203c                __aeabi_idiv0
 .text.__aeabi_memset_lowlevel
                0x0000203e       0x2a c:/nxp/mcuxpressoide_10.0.2_411/ide/tools/bin/../lib/gcc/arm-none-eabi/5.4.1/armv6-m\libcr_eabihelpers.a(memcpy.o)
                0x0000203e                __aeabi_lowlevel_memset
 .text.__sys_close
                0x00002068        0x6 c:/nxp/mcuxpressoide_10.0.2_411/ide/tools/bin/../lib/gcc/arm-none-eabi/5.4.1/../../../../arm-none-eabi/lib/armv6-m\libcr_nohost_nf.a(__sys_close.o)
                0x00002068                __sys_close
 .text.__sys_flen
                0x0000206e        0x6 c:/nxp/mcuxpressoide_10.0.2_411/ide/tools/bin/../lib/gcc/arm-none-eabi/5.4.1/../../../../arm-none-eabi/lib/armv6-m\libcr_nohost_nf.a(__sys_flen.o)
                0x0000206e                __sys_flen
 .text.__sys_istty
                0x00002074        0x6 c:/nxp/mcuxpressoide_10.0.2_411/ide/tools/bin/../lib/gcc/arm-none-eabi/5.4.1/../../../../arm-none-eabi/lib/armv6-m\libcr_nohost_nf.a(__sys_istty.o)
                0x00002074                __sys_istty
 .text.__sys_remove
                0x0000207a        0x6 c:/nxp/mcuxpressoide_10.0.2_411/ide/tools/bin/../lib/gcc/arm-none-eabi/5.4.1/../../../../arm-none-eabi/lib/armv6-m\libcr_nohost_nf.a(__sys_remove.o)
                0x0000207a                __sys_remove
 .text.__sys_seek
                0x00002080        0x6 c:/nxp/mcuxpressoide_10.0.2_411/ide/tools/bin/../lib/gcc/arm-none-eabi/5.4.1/../../../../arm-none-eabi/lib/armv6-m\libcr_nohost_nf.a(__sys_seek.o)
                0x00002080                __sys_seek
 .text.__sys_tmpnam
                0x00002086        0x6 c:/nxp/mcuxpressoide_10.0.2_411/ide/tools/bin/../lib/gcc/arm-none-eabi/5.4.1/../../../../arm-none-eabi/lib/armv6-m\libcr_nohost_nf.a(__sys_tmpnam.o)
                0x00002086                __sys_tmpnam
 .text.__sys_write
                0x0000208c        0x4 c:/nxp/mcuxpressoide_10.0.2_411/ide/tools/bin/../lib/gcc/arm-none-eabi/5.4.1/../../../../arm-none-eabi/lib/armv6-m\libcr_nohost_nf.a(__sys_write.o)
                0x0000208c                __sys_write
 *(.rodata .rodata.* .constdata .constdata.*)
 .rodata        0x00002090       0x20 ./source/SLIP.o
 .rodata.led_conf.6030
                0x000020b0        0x2 ./source/SLIP.o
 *fill*         0x000020b2        0x2 ff
 .rodata        0x000020b4       0xd9 ./drivers/fsl_clock.o
 *fill*         0x0000218d        0x3 ff
 .rodata.CLOCK_GetFreq
                0x00002190       0x24 ./drivers/fsl_clock.o
 .rodata.fllFactorTable.5676
                0x000021b4       0x10 ./drivers/fsl_clock.o
 .rodata        0x000021c4        0x4 ./drivers/fsl_common.o
 .rodata        0x000021c8       0xc7 ./drivers/fsl_gpio.o
 *fill*         0x0000228f        0x1 ff
 .rodata        0x00002290      0x4da ./drivers/fsl_lpuart.o
 .rodata.str1.1
                0x0000276a        0x4 c:/nxp/mcuxpressoide_10.0.2_411/ide/tools/bin/../lib/gcc/arm-none-eabi/5.4.1/../../../../arm-none-eabi/lib/armv6-m\libcr_c.a(initio.o)
 *fill*         0x0000276e        0x2 ff
 .rodata.__num_Ciob_streams
                0x00002770        0x4 c:/nxp/mcuxpressoide_10.0.2_411/ide/tools/bin/../lib/gcc/arm-none-eabi/5.4.1/../../../../arm-none-eabi/lib/armv6-m\libcr_nohost_nf.a(__ciob.o)
                0x00002770                __num_Ciob_streams
                0x00002774                . = ALIGN (0x4)

.glue_7         0x00002774        0x0
 .glue_7        0x00002774        0x0 linker stubs

.glue_7t        0x00002774        0x0
 .glue_7t       0x00002774        0x0 linker stubs

.vfp11_veneer   0x00002774        0x0
 .vfp11_veneer  0x00002774        0x0 linker stubs

.v4_bx          0x00002774        0x0
 .v4_bx         0x00002774        0x0 linker stubs

.iplt           0x00002774        0x0
 .iplt          0x00002774        0x0 ./utilities/fsl_debug_console.o

.rel.dyn        0x00002774        0x0
 .rel.iplt      0x00002774        0x0 ./utilities/fsl_debug_console.o

.ARM.extab
 *(.ARM.extab* .gnu.linkonce.armextab.*)
                0x00002774                __exidx_start = .

.ARM.exidx
 *(.ARM.exidx* .gnu.linkonce.armexidx.*)
                0x00002774                __exidx_end = .
                0x00002774                _etext = .

.mtb_buffer_default
                0x1fff8000       0x80
 *(.mtb*)
 .mtb.$RAM1     0x1fff8000       0x80 ./source/mtb.o
                0x1fff8000                __mtb_buffer__

.uninit_RESERVED
                0x1fff8080        0x0
 *(.bss.$RESERVED*)
                0x1fff8080                . = ALIGN (0x4)
                0x1fff8080                _end_uninit_RESERVED = .

.data           0x1fff8080        0xc load address 0x00002774
 FILL mask 0xff
                0x1fff8080                _data = .
 *(vtable)
 *(.ramfunc*)
 *(.data*)
 .data.s_slowIrcFreq
                0x1fff8080        0x4 ./drivers/fsl_clock.o
 .data.s_fastIrcFreq
                0x1fff8084        0x4 ./drivers/fsl_clock.o
 .data.SystemCoreClock
                0x1fff8088        0x4 ./CMSIS/system_MKW41Z4.o
                0x1fff8088                SystemCoreClock
                0x1fff808c                . = ALIGN (0x4)
                0x1fff808c                _edata = .

.igot.plt       0x1fff808c        0x0 load address 0x00002780
 .igot.plt      0x1fff808c        0x0 ./utilities/fsl_debug_console.o

.bss            0x1fff808c       0xdc load address 0x00002780
                0x1fff808c                _bss = .
 *(.bss*)
 .bss.s_debugConsole
                0x1fff808c       0x10 ./utilities/fsl_debug_console.o
 .bss.data      0x1fff809c        0x1 ./source/SLIP.o
                0x1fff809c                data
 *fill*         0x1fff809d        0x3 
 .bss.g_xtal0Freq
                0x1fff80a0        0x4 ./drivers/fsl_clock.o
                0x1fff80a0                g_xtal0Freq
 .bss.g_xtal32Freq
                0x1fff80a4        0x4 ./drivers/fsl_clock.o
                0x1fff80a4                g_xtal32Freq
 .bss.s_lpuartHandle
                0x1fff80a8        0x4 ./drivers/fsl_lpuart.o
 .bss.s_lpuartIsr
                0x1fff80ac        0x4 ./drivers/fsl_lpuart.o
 .bss.errno     0x1fff80b0        0x4 c:/nxp/mcuxpressoide_10.0.2_411/ide/tools/bin/../lib/gcc/arm-none-eabi/5.4.1/../../../../arm-none-eabi/lib/armv6-m\libcr_c.a(errno.o)
                0x1fff80b0                errno
 .bss.__Ciob    0x1fff80b4       0xb4 c:/nxp/mcuxpressoide_10.0.2_411/ide/tools/bin/../lib/gcc/arm-none-eabi/5.4.1/../../../../arm-none-eabi/lib/armv6-m\libcr_nohost_nf.a(__ciob.o)
                0x1fff80b4                __Ciob
 *(COMMON)
                0x1fff8168                . = ALIGN (0x4)
                0x1fff8168                _ebss = .
                [!provide]                PROVIDE (end, .)

.noinit         0x1fff8168        0x0 load address 0x00002780
                0x1fff8168                _noinit = .
 *(.noinit*)
                0x1fff8168                . = ALIGN (0x4)
                0x1fff8168                _end_noinit = .

.heap           0x1fff8168     0x1000 load address 0x00002780
                0x1fff8168                _pvHeapStart = .
                0x1fff9168                . = (. + 0x1000)
 *fill*         0x1fff8168     0x1000 
                0x1fff9168                . = ALIGN (0x4)
                0x1fff9168                _pvHeapLimit = .

.heap2stackfill
                0x1fff9168     0x1000 load address 0x00002780
                0x1fffa168                . = (. + 0x1000)
 *fill*         0x1fff9168     0x1000 

.stack          0x20017000        0x0
                0x20017000                _vStackBase = .
                0x20017000                . = ALIGN (0x4)
                0x20018000                _vStackTop = (. + 0x1000)
OUTPUT(SLIP.axf elf32-littlearm)

.debug_info     0x00000000     0x6156
 .debug_info    0x00000000      0xb66 ./utilities/fsl_debug_console.o
 .debug_info    0x00000b66      0x49f ./startup/startup_mkw41z4.o
 .debug_info    0x00001005      0xabc ./source/SLIP.o
 .debug_info    0x00001ac1       0x51 ./source/mtb.o
 .debug_info    0x00001b12      0xb29 ./frdmkw41z/clock_config.o
 .debug_info    0x0000263b      0x55c ./frdmkw41z/pin_mux.o
 .debug_info    0x00002b97     0x131f ./drivers/fsl_clock.o
 .debug_info    0x00003eb6      0x409 ./drivers/fsl_common.o
 .debug_info    0x000042bf      0x6dc ./drivers/fsl_gpio.o
 .debug_info    0x0000499b     0x1418 ./drivers/fsl_lpuart.o
 .debug_info    0x00005db3      0x3a3 ./CMSIS/system_MKW41Z4.o

.debug_abbrev   0x00000000     0x13bb
 .debug_abbrev  0x00000000      0x254 ./utilities/fsl_debug_console.o
 .debug_abbrev  0x00000254      0x131 ./startup/startup_mkw41z4.o
 .debug_abbrev  0x00000385      0x227 ./source/SLIP.o
 .debug_abbrev  0x000005ac       0x41 ./source/mtb.o
 .debug_abbrev  0x000005ed      0x1f3 ./frdmkw41z/clock_config.o
 .debug_abbrev  0x000007e0      0x162 ./frdmkw41z/pin_mux.o
 .debug_abbrev  0x00000942      0x30a ./drivers/fsl_clock.o
 .debug_abbrev  0x00000c4c      0x230 ./drivers/fsl_common.o
 .debug_abbrev  0x00000e7c      0x1af ./drivers/fsl_gpio.o
 .debug_abbrev  0x0000102b      0x287 ./drivers/fsl_lpuart.o
 .debug_abbrev  0x000012b2      0x109 ./CMSIS/system_MKW41Z4.o

.debug_aranges  0x00000000      0x630
 .debug_aranges
                0x00000000       0x80 ./utilities/fsl_debug_console.o
 .debug_aranges
                0x00000080      0x160 ./startup/startup_mkw41z4.o
 .debug_aranges
                0x000001e0       0x50 ./source/SLIP.o
 .debug_aranges
                0x00000230       0x18 ./source/mtb.o
 .debug_aranges
                0x00000248       0x68 ./frdmkw41z/clock_config.o
 .debug_aranges
                0x000002b0       0x38 ./frdmkw41z/pin_mux.o
 .debug_aranges
                0x000002e8      0x168 ./drivers/fsl_clock.o
 .debug_aranges
                0x00000450       0x38 ./drivers/fsl_common.o
 .debug_aranges
                0x00000488       0x68 ./drivers/fsl_gpio.o
 .debug_aranges
                0x000004f0      0x118 ./drivers/fsl_lpuart.o
 .debug_aranges
                0x00000608       0x28 ./CMSIS/system_MKW41Z4.o

.debug_ranges   0x00000000      0x578
 .debug_ranges  0x00000000       0x70 ./utilities/fsl_debug_console.o
 .debug_ranges  0x00000070      0x150 ./startup/startup_mkw41z4.o
 .debug_ranges  0x000001c0       0x40 ./source/SLIP.o
 .debug_ranges  0x00000200       0x58 ./frdmkw41z/clock_config.o
 .debug_ranges  0x00000258       0x28 ./frdmkw41z/pin_mux.o
 .debug_ranges  0x00000280      0x158 ./drivers/fsl_clock.o
 .debug_ranges  0x000003d8       0x28 ./drivers/fsl_common.o
 .debug_ranges  0x00000400       0x58 ./drivers/fsl_gpio.o
 .debug_ranges  0x00000458      0x108 ./drivers/fsl_lpuart.o
 .debug_ranges  0x00000560       0x18 ./CMSIS/system_MKW41Z4.o

.debug_macro    0x00000000    0x11a69
 .debug_macro   0x00000000      0x11e ./utilities/fsl_debug_console.o
 .debug_macro   0x0000011e      0x856 ./utilities/fsl_debug_console.o
 .debug_macro   0x00000974       0x10 ./utilities/fsl_debug_console.o
 .debug_macro   0x00000984       0x16 ./utilities/fsl_debug_console.o
 .debug_macro   0x0000099a       0x10 ./utilities/fsl_debug_console.o
 .debug_macro   0x000009aa      0x12d ./utilities/fsl_debug_console.o
 .debug_macro   0x00000ad7       0x28 ./utilities/fsl_debug_console.o
 .debug_macro   0x00000aff       0xc4 ./utilities/fsl_debug_console.o
 .debug_macro   0x00000bc3       0x16 ./utilities/fsl_debug_console.o
 .debug_macro   0x00000bd9       0x22 ./utilities/fsl_debug_console.o
 .debug_macro   0x00000bfb      0x5b2 ./utilities/fsl_debug_console.o
 .debug_macro   0x000011ad       0x10 ./utilities/fsl_debug_console.o
 .debug_macro   0x000011bd       0x3f ./utilities/fsl_debug_console.o
 .debug_macro   0x000011fc       0x3a ./utilities/fsl_debug_console.o
 .debug_macro   0x00001236       0x26 ./utilities/fsl_debug_console.o
 .debug_macro   0x0000125c      0x329 ./utilities/fsl_debug_console.o
 .debug_macro   0x00001585       0x3a ./utilities/fsl_debug_console.o
 .debug_macro   0x000015bf     0xe3a7 ./utilities/fsl_debug_console.o
 .debug_macro   0x0000f966     0x1340 ./utilities/fsl_debug_console.o
 .debug_macro   0x00010ca6       0x3a ./utilities/fsl_debug_console.o
 .debug_macro   0x00010ce0       0xfd ./utilities/fsl_debug_console.o
 .debug_macro   0x00010ddd       0x35 ./utilities/fsl_debug_console.o
 .debug_macro   0x00010e12       0x3a ./utilities/fsl_debug_console.o
 .debug_macro   0x00010e4c       0x10 ./utilities/fsl_debug_console.o
 .debug_macro   0x00010e5c       0x29 ./startup/startup_mkw41z4.o
 .debug_macro   0x00010e85      0x144 ./source/SLIP.o
 .debug_macro   0x00010fc9       0xd8 ./source/SLIP.o
 .debug_macro   0x000110a1       0x16 ./source/SLIP.o
 .debug_macro   0x000110b7       0xfa ./source/SLIP.o
 .debug_macro   0x000111b1       0xb2 ./source/SLIP.o
 .debug_macro   0x00011263       0x2f ./source/mtb.o
 .debug_macro   0x00011292       0x82 ./source/mtb.o
 .debug_macro   0x00011314       0x10 ./source/mtb.o
 .debug_macro   0x00011324       0xee ./frdmkw41z/clock_config.o
 .debug_macro   0x00011412       0x1c ./frdmkw41z/clock_config.o
 .debug_macro   0x0001142e       0x10 ./frdmkw41z/clock_config.o
 .debug_macro   0x0001143e      0x11e ./frdmkw41z/pin_mux.o
 .debug_macro   0x0001155c       0x10 ./frdmkw41z/pin_mux.o
 .debug_macro   0x0001156c      0x1a2 ./drivers/fsl_clock.o
 .debug_macro   0x0001170e       0xef ./drivers/fsl_common.o
 .debug_macro   0x000117fd       0xec ./drivers/fsl_gpio.o
 .debug_macro   0x000118e9       0xec ./drivers/fsl_lpuart.o
 .debug_macro   0x000119d5       0x94 ./CMSIS/system_MKW41Z4.o

.debug_line     0x00000000     0x2a2b
 .debug_line    0x00000000      0x6d3 ./utilities/fsl_debug_console.o
 .debug_line    0x000006d3      0x128 ./startup/startup_mkw41z4.o
 .debug_line    0x000007fb      0x3fd ./source/SLIP.o
 .debug_line    0x00000bf8       0x95 ./source/mtb.o
 .debug_line    0x00000c8d      0x373 ./frdmkw41z/clock_config.o
 .debug_line    0x00001000      0x2c8 ./frdmkw41z/pin_mux.o
 .debug_line    0x000012c8      0x794 ./drivers/fsl_clock.o
 .debug_line    0x00001a5c      0x355 ./drivers/fsl_common.o
 .debug_line    0x00001db1      0x331 ./drivers/fsl_gpio.o
 .debug_line    0x000020e2      0x75a ./drivers/fsl_lpuart.o
 .debug_line    0x0000283c      0x1ef ./CMSIS/system_MKW41Z4.o

.debug_str      0x00000000    0xa02da
 .debug_str     0x00000000    0x9bd07 ./utilities/fsl_debug_console.o
                              0x9bf9f (size before relaxing)
 .debug_str     0x0009bd07      0x3f4 ./startup/startup_mkw41z4.o
                               0x2809 (size before relaxing)
 .debug_str     0x0009c0fb     0x1726 ./source/SLIP.o
                              0x9ccf0 (size before relaxing)
 .debug_str     0x0009d821      0x532 ./source/mtb.o
                               0x2917 (size before relaxing)
 .debug_str     0x0009dd53      0x7ad ./frdmkw41z/clock_config.o
                              0x9b6ce (size before relaxing)
 .debug_str     0x0009e500      0x41a ./frdmkw41z/pin_mux.o
                              0x9b6f2 (size before relaxing)
 .debug_str     0x0009e91a     0x1056 ./drivers/fsl_clock.o
                              0x9c6c2 (size before relaxing)
 .debug_str     0x0009f970      0x142 ./drivers/fsl_common.o
                              0x9b1ec (size before relaxing)
 .debug_str     0x0009fab2       0xce ./drivers/fsl_gpio.o
                              0x9b4c1 (size before relaxing)
 .debug_str     0x0009fb80      0x70b ./drivers/fsl_lpuart.o
                              0x9c357 (size before relaxing)
 .debug_str     0x000a028b       0x4f ./CMSIS/system_MKW41Z4.o
                              0x9a552 (size before relaxing)

.comment        0x00000000       0x6e
 .comment       0x00000000       0x6e ./utilities/fsl_debug_console.o
                                 0x6f (size before relaxing)
 .comment       0x0000006e       0x6f ./startup/startup_mkw41z4.o
 .comment       0x0000006e       0x6f ./source/SLIP.o
 .comment       0x0000006e       0x6f ./source/mtb.o
 .comment       0x0000006e       0x6f ./frdmkw41z/clock_config.o
 .comment       0x0000006e       0x6f ./frdmkw41z/pin_mux.o
 .comment       0x0000006e       0x6f ./drivers/fsl_clock.o
 .comment       0x0000006e       0x6f ./drivers/fsl_common.o
 .comment       0x0000006e       0x6f ./drivers/fsl_gpio.o
 .comment       0x0000006e       0x6f ./drivers/fsl_lpuart.o
 .comment       0x0000006e       0x6f ./CMSIS/system_MKW41Z4.o
 .comment       0x0000006e       0x6f c:/nxp/mcuxpressoide_10.0.2_411/ide/tools/bin/../lib/gcc/arm-none-eabi/5.4.1/../../../../arm-none-eabi/lib/armv6-m\libcr_nohost_nf.a(_cr__main.o)
 .comment       0x0000006e       0x6f c:/nxp/mcuxpressoide_10.0.2_411/ide/tools/bin/../lib/gcc/arm-none-eabi/5.4.1/../../../../arm-none-eabi/lib/armv6-m\libcr_c.a(memset.o)
 .comment       0x0000006e       0x6f c:/nxp/mcuxpressoide_10.0.2_411/ide/tools/bin/../lib/gcc/arm-none-eabi/5.4.1/../../../../arm-none-eabi/lib/armv6-m\libcr_c.a(initio.o)
 .comment       0x0000006e       0x6f c:/nxp/mcuxpressoide_10.0.2_411/ide/tools/bin/../lib/gcc/arm-none-eabi/5.4.1/../../../../arm-none-eabi/lib/armv6-m\libcr_c.a(setvbuf.o)
 .comment       0x0000006e       0x6f c:/nxp/mcuxpressoide_10.0.2_411/ide/tools/bin/../lib/gcc/arm-none-eabi/5.4.1/../../../../arm-none-eabi/lib/armv6-m\libcr_c.a(strlen.o)
 .comment       0x0000006e       0x6f c:/nxp/mcuxpressoide_10.0.2_411/ide/tools/bin/../lib/gcc/arm-none-eabi/5.4.1/../../../../arm-none-eabi/lib/armv6-m\libcr_c.a(_fdopen.o)
 .comment       0x0000006e       0x6f c:/nxp/mcuxpressoide_10.0.2_411/ide/tools/bin/../lib/gcc/arm-none-eabi/5.4.1/../../../../arm-none-eabi/lib/armv6-m\libcr_c.a(fclose.o)
 .comment       0x0000006e       0x6f c:/nxp/mcuxpressoide_10.0.2_411/ide/tools/bin/../lib/gcc/arm-none-eabi/5.4.1/../../../../arm-none-eabi/lib/armv6-m\libcr_c.a(fflush.o)
 .comment       0x0000006e       0x6f c:/nxp/mcuxpressoide_10.0.2_411/ide/tools/bin/../lib/gcc/arm-none-eabi/5.4.1/../../../../arm-none-eabi/lib/armv6-m\libcr_c.a(fseek.o)
 .comment       0x0000006e       0x6f c:/nxp/mcuxpressoide_10.0.2_411/ide/tools/bin/../lib/gcc/arm-none-eabi/5.4.1/../../../../arm-none-eabi/lib/armv6-m\libcr_c.a(ftell.o)
 .comment       0x0000006e       0x6f c:/nxp/mcuxpressoide_10.0.2_411/ide/tools/bin/../lib/gcc/arm-none-eabi/5.4.1/../../../../arm-none-eabi/lib/armv6-m\libcr_c.a(remove.o)
 .comment       0x0000006e       0x6f c:/nxp/mcuxpressoide_10.0.2_411/ide/tools/bin/../lib/gcc/arm-none-eabi/5.4.1/../../../../arm-none-eabi/lib/armv6-m\libcr_c.a(_do_fflush.o)
 .comment       0x0000006e       0x6f c:/nxp/mcuxpressoide_10.0.2_411/ide/tools/bin/../lib/gcc/arm-none-eabi/5.4.1/../../../../arm-none-eabi/lib/armv6-m\libcr_c.a(_fflush.o)
 .comment       0x0000006e       0x6f c:/nxp/mcuxpressoide_10.0.2_411/ide/tools/bin/../lib/gcc/arm-none-eabi/5.4.1/../../../../arm-none-eabi/lib/armv6-m\libcr_c.a(_writebuf.o)
 .comment       0x0000006e       0x6f c:/nxp/mcuxpressoide_10.0.2_411/ide/tools/bin/../lib/gcc/arm-none-eabi/5.4.1/../../../../arm-none-eabi/lib/armv6-m\libcr_c.a(alloc.o)
 .comment       0x0000006e       0x6f c:/nxp/mcuxpressoide_10.0.2_411/ide/tools/bin/../lib/gcc/arm-none-eabi/5.4.1/../../../../arm-none-eabi/lib/armv6-m\libcr_c.a(errno.o)
 .comment       0x0000006e       0x6f c:/nxp/mcuxpressoide_10.0.2_411/ide/tools/bin/../lib/gcc/arm-none-eabi/5.4.1/../../../../arm-none-eabi/lib/armv6-m\libcr_c.a(_deferredlazyseek.o)
 .comment       0x0000006e       0x6f c:/nxp/mcuxpressoide_10.0.2_411/ide/tools/bin/../lib/gcc/arm-none-eabi/5.4.1/../../../../arm-none-eabi/lib/armv6-m\libcr_nohost_nf.a(__ciob.o)
 .comment       0x0000006e       0x6f c:/nxp/mcuxpressoide_10.0.2_411/ide/tools/bin/../lib/gcc/arm-none-eabi/5.4.1/../../../../arm-none-eabi/lib/armv6-m\libcr_nohost_nf.a(__sys_close.o)
 .comment       0x0000006e       0x6f c:/nxp/mcuxpressoide_10.0.2_411/ide/tools/bin/../lib/gcc/arm-none-eabi/5.4.1/../../../../arm-none-eabi/lib/armv6-m\libcr_nohost_nf.a(__sys_flen.o)
 .comment       0x0000006e       0x6f c:/nxp/mcuxpressoide_10.0.2_411/ide/tools/bin/../lib/gcc/arm-none-eabi/5.4.1/../../../../arm-none-eabi/lib/armv6-m\libcr_nohost_nf.a(__sys_istty.o)
 .comment       0x0000006e       0x6f c:/nxp/mcuxpressoide_10.0.2_411/ide/tools/bin/../lib/gcc/arm-none-eabi/5.4.1/../../../../arm-none-eabi/lib/armv6-m\libcr_nohost_nf.a(__sys_remove.o)
 .comment       0x0000006e       0x6f c:/nxp/mcuxpressoide_10.0.2_411/ide/tools/bin/../lib/gcc/arm-none-eabi/5.4.1/../../../../arm-none-eabi/lib/armv6-m\libcr_nohost_nf.a(__sys_seek.o)
 .comment       0x0000006e       0x6f c:/nxp/mcuxpressoide_10.0.2_411/ide/tools/bin/../lib/gcc/arm-none-eabi/5.4.1/../../../../arm-none-eabi/lib/armv6-m\libcr_nohost_nf.a(__sys_tmpnam.o)
 .comment       0x0000006e       0x6f c:/nxp/mcuxpressoide_10.0.2_411/ide/tools/bin/../lib/gcc/arm-none-eabi/5.4.1/../../../../arm-none-eabi/lib/armv6-m\libcr_nohost_nf.a(__sys_write.o)

.ARM.attributes
                0x00000000       0x30
 .ARM.attributes
                0x00000000       0x32 ./utilities/fsl_debug_console.o
 .ARM.attributes
                0x00000032       0x32 ./startup/startup_mkw41z4.o
 .ARM.attributes
                0x00000064       0x32 ./source/SLIP.o
 .ARM.attributes
                0x00000096       0x32 ./source/mtb.o
 .ARM.attributes
                0x000000c8       0x32 ./frdmkw41z/clock_config.o
 .ARM.attributes
                0x000000fa       0x32 ./frdmkw41z/pin_mux.o
 .ARM.attributes
                0x0000012c       0x32 ./drivers/fsl_clock.o
 .ARM.attributes
                0x0000015e       0x32 ./drivers/fsl_common.o
 .ARM.attributes
                0x00000190       0x32 ./drivers/fsl_gpio.o
 .ARM.attributes
                0x000001c2       0x32 ./drivers/fsl_lpuart.o
 .ARM.attributes
                0x000001f4       0x32 ./CMSIS/system_MKW41Z4.o
 .ARM.attributes
                0x00000226       0x31 c:/nxp/mcuxpressoide_10.0.2_411/ide/tools/bin/../lib/gcc/arm-none-eabi/5.4.1/../../../../arm-none-eabi/lib/armv6-m\libcr_nohost_nf.a(_cr__main.o)
 .ARM.attributes
                0x00000257       0x31 c:/nxp/mcuxpressoide_10.0.2_411/ide/tools/bin/../lib/gcc/arm-none-eabi/5.4.1/../../../../arm-none-eabi/lib/armv6-m\libcr_c.a(memset.o)
 .ARM.attributes
                0x00000288       0x31 c:/nxp/mcuxpressoide_10.0.2_411/ide/tools/bin/../lib/gcc/arm-none-eabi/5.4.1/../../../../arm-none-eabi/lib/armv6-m\libcr_c.a(initio.o)
 .ARM.attributes
                0x000002b9       0x31 c:/nxp/mcuxpressoide_10.0.2_411/ide/tools/bin/../lib/gcc/arm-none-eabi/5.4.1/../../../../arm-none-eabi/lib/armv6-m\libcr_c.a(setvbuf.o)
 .ARM.attributes
                0x000002ea       0x31 c:/nxp/mcuxpressoide_10.0.2_411/ide/tools/bin/../lib/gcc/arm-none-eabi/5.4.1/../../../../arm-none-eabi/lib/armv6-m\libcr_c.a(strlen.o)
 .ARM.attributes
                0x0000031b       0x31 c:/nxp/mcuxpressoide_10.0.2_411/ide/tools/bin/../lib/gcc/arm-none-eabi/5.4.1/../../../../arm-none-eabi/lib/armv6-m\libcr_c.a(_fdopen.o)
 .ARM.attributes
                0x0000034c       0x31 c:/nxp/mcuxpressoide_10.0.2_411/ide/tools/bin/../lib/gcc/arm-none-eabi/5.4.1/../../../../arm-none-eabi/lib/armv6-m\libcr_c.a(fclose.o)
 .ARM.attributes
                0x0000037d       0x31 c:/nxp/mcuxpressoide_10.0.2_411/ide/tools/bin/../lib/gcc/arm-none-eabi/5.4.1/../../../../arm-none-eabi/lib/armv6-m\libcr_c.a(fflush.o)
 .ARM.attributes
                0x000003ae       0x31 c:/nxp/mcuxpressoide_10.0.2_411/ide/tools/bin/../lib/gcc/arm-none-eabi/5.4.1/../../../../arm-none-eabi/lib/armv6-m\libcr_c.a(fseek.o)
 .ARM.attributes
                0x000003df       0x31 c:/nxp/mcuxpressoide_10.0.2_411/ide/tools/bin/../lib/gcc/arm-none-eabi/5.4.1/../../../../arm-none-eabi/lib/armv6-m\libcr_c.a(ftell.o)
 .ARM.attributes
                0x00000410       0x31 c:/nxp/mcuxpressoide_10.0.2_411/ide/tools/bin/../lib/gcc/arm-none-eabi/5.4.1/../../../../arm-none-eabi/lib/armv6-m\libcr_c.a(remove.o)
 .ARM.attributes
                0x00000441       0x31 c:/nxp/mcuxpressoide_10.0.2_411/ide/tools/bin/../lib/gcc/arm-none-eabi/5.4.1/../../../../arm-none-eabi/lib/armv6-m\libcr_c.a(_do_fflush.o)
 .ARM.attributes
                0x00000472       0x31 c:/nxp/mcuxpressoide_10.0.2_411/ide/tools/bin/../lib/gcc/arm-none-eabi/5.4.1/../../../../arm-none-eabi/lib/armv6-m\libcr_c.a(_fflush.o)
 .ARM.attributes
                0x000004a3       0x31 c:/nxp/mcuxpressoide_10.0.2_411/ide/tools/bin/../lib/gcc/arm-none-eabi/5.4.1/../../../../arm-none-eabi/lib/armv6-m\libcr_c.a(_writebuf.o)
 .ARM.attributes
                0x000004d4       0x31 c:/nxp/mcuxpressoide_10.0.2_411/ide/tools/bin/../lib/gcc/arm-none-eabi/5.4.1/../../../../arm-none-eabi/lib/armv6-m\libcr_c.a(alloc.o)
 .ARM.attributes
                0x00000505       0x31 c:/nxp/mcuxpressoide_10.0.2_411/ide/tools/bin/../lib/gcc/arm-none-eabi/5.4.1/../../../../arm-none-eabi/lib/armv6-m\libcr_c.a(errno.o)
 .ARM.attributes
                0x00000536       0x31 c:/nxp/mcuxpressoide_10.0.2_411/ide/tools/bin/../lib/gcc/arm-none-eabi/5.4.1/../../../../arm-none-eabi/lib/armv6-m\libcr_c.a(_deferredlazyseek.o)
 .ARM.attributes
                0x00000567       0x21 c:/nxp/mcuxpressoide_10.0.2_411/ide/tools/bin/../lib/gcc/arm-none-eabi/5.4.1/armv6-m\libcr_eabihelpers.a(division_32.o)
 .ARM.attributes
                0x00000588       0x21 c:/nxp/mcuxpressoide_10.0.2_411/ide/tools/bin/../lib/gcc/arm-none-eabi/5.4.1/armv6-m\libcr_eabihelpers.a(division_idiv0.o)
 .ARM.attributes
                0x000005a9       0x21 c:/nxp/mcuxpressoide_10.0.2_411/ide/tools/bin/../lib/gcc/arm-none-eabi/5.4.1/armv6-m\libcr_eabihelpers.a(memcpy.o)
 .ARM.attributes
                0x000005ca       0x31 c:/nxp/mcuxpressoide_10.0.2_411/ide/tools/bin/../lib/gcc/arm-none-eabi/5.4.1/../../../../arm-none-eabi/lib/armv6-m\libcr_nohost_nf.a(__ciob.o)
 .ARM.attributes
                0x000005fb       0x31 c:/nxp/mcuxpressoide_10.0.2_411/ide/tools/bin/../lib/gcc/arm-none-eabi/5.4.1/../../../../arm-none-eabi/lib/armv6-m\libcr_nohost_nf.a(__sys_close.o)
 .ARM.attributes
                0x0000062c       0x31 c:/nxp/mcuxpressoide_10.0.2_411/ide/tools/bin/../lib/gcc/arm-none-eabi/5.4.1/../../../../arm-none-eabi/lib/armv6-m\libcr_nohost_nf.a(__sys_flen.o)
 .ARM.attributes
                0x0000065d       0x31 c:/nxp/mcuxpressoide_10.0.2_411/ide/tools/bin/../lib/gcc/arm-none-eabi/5.4.1/../../../../arm-none-eabi/lib/armv6-m\libcr_nohost_nf.a(__sys_istty.o)
 .ARM.attributes
                0x0000068e       0x31 c:/nxp/mcuxpressoide_10.0.2_411/ide/tools/bin/../lib/gcc/arm-none-eabi/5.4.1/../../../../arm-none-eabi/lib/armv6-m\libcr_nohost_nf.a(__sys_remove.o)
 .ARM.attributes
                0x000006bf       0x31 c:/nxp/mcuxpressoide_10.0.2_411/ide/tools/bin/../lib/gcc/arm-none-eabi/5.4.1/../../../../arm-none-eabi/lib/armv6-m\libcr_nohost_nf.a(__sys_seek.o)
 .ARM.attributes
                0x000006f0       0x31 c:/nxp/mcuxpressoide_10.0.2_411/ide/tools/bin/../lib/gcc/arm-none-eabi/5.4.1/../../../../arm-none-eabi/lib/armv6-m\libcr_nohost_nf.a(__sys_tmpnam.o)
 .ARM.attributes
                0x00000721       0x31 c:/nxp/mcuxpressoide_10.0.2_411/ide/tools/bin/../lib/gcc/arm-none-eabi/5.4.1/../../../../arm-none-eabi/lib/armv6-m\libcr_nohost_nf.a(__sys_write.o)

.debug_frame    0x00000000     0x1378
 .debug_frame   0x00000000      0x1ac ./utilities/fsl_debug_console.o
 .debug_frame   0x000001ac      0x3b0 ./startup/startup_mkw41z4.o
 .debug_frame   0x0000055c       0xec ./source/SLIP.o
 .debug_frame   0x00000648      0x148 ./frdmkw41z/clock_config.o
 .debug_frame   0x00000790       0x88 ./frdmkw41z/pin_mux.o
 .debug_frame   0x00000818      0x528 ./drivers/fsl_clock.o
 .debug_frame   0x00000d40       0x90 ./drivers/fsl_common.o
 .debug_frame   0x00000dd0      0x150 ./drivers/fsl_gpio.o
 .debug_frame   0x00000f20      0x40c ./drivers/fsl_lpuart.o
 .debug_frame   0x0000132c       0x4c ./CMSIS/system_MKW41Z4.o
